int64 123
strconv.ParseInt: parsing "invalidString123": invalid syntax
exit status 1
